ANSWERS FOR SET1 QUESTIONS. 

user14@ETGTrainingLinux:~$ mkdir Test
user14@ETGTrainingLinux:~$ cd Test
user14@ETGTrainingLinux:~/Test$ 
user14@ETGTrainingLinux:~/Test$ touch employeelist skillset
user14@ETGTrainingLinux:~/Test$ ls
employeelist  skillset 
user14@ETGTrainingLinux:~$ mkdir Test2
user14@ETGTrainingLinux:~$ ln -s skillset symlink
user14@ETGTrainingLinux:~$ ln skillset hardlink
user14@ETGTrainingLinux:~/Test$ rm -r skillset
user14@ETGTrainingLinux:~/Test$ ls
employeelist  hardlink 
user14@ETGTrainingLinux:~/Test$ sudo chgrp user5 File1
[sudo] password for user14:
user14 is not in the sudoers file.  This incident will be reported.
user14@ETGTrainingLinux:~/Test$ chmod u+x,o-x File1
user14@ETGTrainingLinux:~/Test$ chmod u+r,o-x File1
user14@ETGTrainingLinux:~/Test$ chmod 752 File1
user14@ETGTrainingLinux:~/Test$ chgrp user5 f1
user14@ETGTrainingLinux:~/Test$ sudo chmod user5 f1
[sudo] password for user14:
user14 is not in the sudoers file.  This incident will be reported.
user14@ETGTrainingLinux:~/Test$ who
user14   pts/1        2021-09-25 10:18 (182.72.150.126)
user12   pts/2        2021-09-25 12:40 (49.207.74.65)
user8    pts/3        2021-09-25 12:00 (45.118.74.48)
user5    pts/5        2021-09-25 11:13 (157.47.102.107)

ANSWERS FOR SET2 QUESTIONS

user14@ETGTrainingLinux:~$ touch File1
user14@ETGTrainingLinux:~$ cat >>File1
hii
hello
good morning
user14@ETGTrainingLinux:~$ cat File1
hii
hello
hii
hello
good morning
user14@ETGTrainingLinux:~$ touch File2
user14@ETGTrainingLinux:~$ cat >>File2
sonata
software
user14@ETGTrainingLinux:~$ cat File2
sonata
software
sonata
software
user14@ETGTrainingLinux:~$ cat File1 File2
hii
hello
hii
hello
good morning
sonata
software
sonata
software
user14@ETGTrainingLinux:~$ cat File1 >>File2
user14@ETGTrainingLinux:~$ ls
concatenatedfile  dir2     f1  f3     File1    File2  File4  filelist   hardlink3  myfilelist  newfile   newfile123   nohup.out  sushu@1  Test   Test2    userlist
dir123            errfile  f2  file1  file123  File3  File5  hardlink2  linux      new         newfile1  newfile.tar  sush@1     symlink  test2  testile
user14@ETGTrainingLinux:~$ cat File3
hii
hello
sonata
software
sonata
software
sonata
software
hii
hello
hii
hello
good morning
user14@ETGTrainingLinux:~$ cat File1 File2 File3 File4 File5
hii
hello
hii
hello
good morning
sonata
software
sonata
software
hii
hello
hii
hello
good morning
hii
hello
sonata
software
sonata
software
sonata
software
hii
hello
hii
hello
good morning
user14@ETGTrainingLinux:~$ cat File1 File2 File3 > errorlist 2<&1
user14@ETGTrainingLinux:~$ cat errorlist
hii
hello
hii
hello
good morning
sonata
software
sonata
software
hii
hello
hii
hello
good morning
hii
hello
sonata
software
sonata
software
sonata
software
hii
hello
hii
hello
good morning
user14@ETGTrainingLinux:~$ cat File1 File2 2>/dev/null
hii
hello
hii
hello
good morning
sonata
software
sonata
software
hii
hello
hii
hello
good morning
user14@ETGTrainingLinux:~$ touch File6
user14@ETGTrainingLinux:~$ cat File1
hii
hello
hii
hello
good morning
user14@ETGTrainingLinux:~$ cp File1 File6
user14@ETGTrainingLinux:~$ cat File6
hii
hello
hii
hello
good morning



user14@ETGTrainingLinux:~$ cat headfile
line1
line2
line3
line4
line5
line6
line7
line8
line9
line10
line11
line12
line13
line14
line15
user14@ETGTrainingLinux:~$ head -15 headfile | tail -5
line11
line12
line13
line14
line15
user14@ETGTrainingLinux:~$ head -10 headfile | tail -1
line10
user14@ETGTrainingLinux:~$ ls -s
total 112
 0 concatenatedfile   4 errfile     0 f2      4 File1     4 File3   4 File6       4 hardlink3   4 myfilelist   4 newfile1      0 nohup.out   0 symlink   4 Test2
 4 dir123             4 errorlist   0 f3      4 file123   0 File4   0 filelist    4 headfile    0 new          4 newfile123    4 sush@1      4 Test      4 testile
 4 dir2               4 f1          0 file1   4 File2     0 File5   4 hardlink2   4 linux       4 newfile     12 newfile.tar   4 sushu@1     4 test2     4 userlist
user14@ETGTrainingLinux:~$ du -s . | sort -n | head -5
204     .
user14@ETGTrainingLinux:~$ ls | wc -l
36
user14@ETGTrainingLinux:~$ find . -mtime -72
.
./newfile
./userlist
./.viminfo
./headfile
./concatenatedfile
./File6
./.editor.swp
./sush@1
./sush@1/unix
./sush@1/unix/system1
./sush@1/f3
./sush@1/sush
./sush@1/f1
./sush@1/f2
./dir2
./errorlist
./f3
./.bash_logout
./newfile.tar
./.profile
./hardlink2
./.bashrc
./.bash_history
./File5
./filelist
./.cache
./.cache/motd.legal-displayed
./file1
./symlink
./test2
./sushu@1
./newfile123
./myfilelist
./newfile1
./dir123
./dir123/newfile
./dir123/dir2
./dir123/dir2/dir2
./dir123/newfile.tar.gz
./dir123/newfile123
./dir123/newfile1
./dir123/new
./f1
./File1
./.Xauthority
./f2
./File2
./File3
./File4
./hardlink3
./Test2
./Test
./Test/hardlink
./Test/Test2
./Test/employeelist
./new
./file123
./linux
./linux/hardlink
./linux/skillset
./linux/TEST2
./linux/symlink
./linux/TEST
./linux/employeelist
./nohup.out
./errfile
./testile
user14@ETGTrainingLinux:~$ grep l headfile
line1
line2
line3
line4
line5
line6
line7
line8
line9
line10
line11
line12
line13
line14
line15
lion
lone
link
user14@ETGTrainingLinux:~$ grep '1$' headfile
line1
line11
user14@ETGTrainingLinux:~$ grep ^.i headfile
line1
line2
line3
line4
line5
line6
line7
line8
line9
line10
line11
line12
line13
line14
line15
lion
link
user14@ETGTrainingLinux:~$ grep [0-9] headfile
line1
line2
line3
line4
line5
line6
line7
line8
line9
line10
line11
line12
line13
line14
line15
user14@ETGTrainingLinux:~$ ls -l | grep '^d'
drwxrwxr-x 3 user14 user14  4096 Sep 24 06:36 dir123
drwxrwxr-x 2 user14 user14  4096 Sep 24 07:09 dir2
drwxrwxr-x 4 user14 user14  4096 Sep 23 12:29 linux
drwxrwxr-x 4 user14 user14  4096 Sep 23 09:07 sush@1
drwxrwxr-x 2 user14 user14  4096 Sep 23 11:31 sushu@1
drwxrwxr-x 3 user14 user14  4096 Sep 25 12:28 Test
drwxrwxr-x 2 user14 user14  4096 Sep 25 12:19 Test2
user14@ETGTrainingLinux:~$ cal;date
   September 2021
Su Mo Tu We Th Fr Sa
          1  2  3  4
 5  6  7  8  9 10 11
12 13 14 15 16 17 18
19 20 21 22 23 24 25
26 27 28 29 30

Sat Sep 25 15:54:58 UTC 2021
user14@ETGTrainingLinux:~$ (cal;date) | wc -l
9
user14@ETGTrainingLinux:~$ find . - name "File1*" -print
.
./newfile
./userlist
./.viminfo
./headfile
./concatenatedfile
./File6
./.editor.swp
./sush@1
./sush@1/unix
./sush@1/unix/system1
./sush@1/f3
./sush@1/sush
./sush@1/f1
./sush@1/f2
./dir2
./errorlist
./f3
./.bash_logout
./newfile.tar
./.profile
./hardlink2
./.bashrc
./.bash_history
./File5
./filelist
./.cache
./.cache/motd.legal-displayed
./file1
./symlink
./test2
./sushu@1
./newfile123
./myfilelist
./newfile1
./dir123
./dir123/newfile
./dir123/dir2
./dir123/dir2/dir2
./dir123/newfile.tar.gz
./dir123/newfile123
./dir123/newfile1
./dir123/new
./f1
./File1
./.Xauthority
./f2
./File2
./File3
./File4
./hardlink3
./Test2
./Test
./Test/hardlink
./Test/Test2
./Test/employeelist
./new
./file123
./linux
./linux/hardlink
./linux/skillset
./linux/TEST2
./linux/symlink
./linux/TEST
./linux/employeelist
./nohup.out
./errfile
./testile
user14@ETGTrainingLinux:~$ find . -mtime -1 -print
.
./.viminfo
./headfile
./File6
./errorlist
./.bash_history
./file1
./symlink
./File1
./.Xauthority
./File2
./File3
./Test2
./Test
./Test/hardlink
./Test/employeelist
user14@ETGTrainingLinux:~$ find . -mtime +1 -print
./newfile
./userlist
./concatenatedfile
./sush@1
./sush@1/unix
./sush@1/unix/system1
./sush@1/f3
./sush@1/sush
./sush@1/f1
./sush@1/f2
./f3
./.bash_logout
./.profile
./hardlink2
./.bashrc
./filelist
./.cache
./.cache/motd.legal-displayed
./test2
./sushu@1
./newfile123
./newfile1
./dir123/newfile
./dir123/newfile123
./dir123/newfile1
./f2
./hardlink3
./linux
./linux/hardlink
./linux/skillset
./linux/TEST2
./linux/symlink
./linux/TEST
./linux/employeelist
./errfile
./testile
user14@ETGTrainingLinux:~$ ls -alt
total 164
-rw-rw-r--  1 user14 user14   111 Sep 25 14:59 headfile
drwxr-xr-x 10 user14 user14  4096 Sep 25 13:54 .
-rw-rw-r--  1 user14 user14    25 Sep 25 13:52 errorlist
-rw-rw-r--  1 user14 user14    33 Sep 25 13:50 File6
-rw-rw-r--  1 user14 user14    91 Sep 25 13:42 File3
-rw-rw-r--  1 user14 user14    65 Sep 25 13:41 File2
-rw-rw-r--  1 user14 user14    33 Sep 25 13:30 File1
-rw-rw-r--  1 user14 user14     0 Sep 25 13:23 file1
drwxrwxr-x  3 user14 user14  4096 Sep 25 12:28 Test
lrwxrwxrwx  1 user14 user14     8 Sep 25 12:21 symlink -> skillset
drwxrwxr-x  2 user14 user14  4096 Sep 25 12:19 Test2
-rw-------  1 user14 user14   496 Sep 25 10:18 .Xauthority
-rw-------  1 user14 user14  5032 Sep 24 18:02 .bash_history
-rw-------  1 user14 user14   908 Sep 24 18:02 .viminfo
-rw-rw-r--  1 user14 user14   227 Sep 24 12:19 f1
-rw-rw-r--  1 user14 user14     0 Sep 24 11:58 File4
-rw-rw-r--  1 user14 user14     0 Sep 24 11:58 File5
-rw-------  1 user14 user14 12288 Sep 24 11:33 .editor.swp
-rw-------  1 user14 user14     0 Sep 24 09:51 nohup.out
drwxrwxr-x  2 user14 user14  4096 Sep 24 07:09 dir2
drwxrwxr-x  3 user14 user14  4096 Sep 24 06:36 dir123
-rw-rw-r--  1 user14 user14 10240 Sep 24 06:13 newfile.tar
-rw-rw-r--  1 user14 user14     0 Sep 24 06:03 new
-rw-r--r--  1 user14 user14    39 Sep 24 05:03 file123
-rw-rw-r--  1 user14 user14   153 Sep 24 04:27 myfilelist
drwxrwxr-x  4 user14 user14  4096 Sep 23 12:29 linux
drwxrwxr-x  2 user14 user14  4096 Sep 23 11:31 sushu@1
-rw-r--r--  1 user14 user14    38 Sep 23 10:54 test2
-rw-r--r--  1 user14 user14   133 Sep 23 10:47 testile
-rw-r--r--  1 user14 user14    10 Sep 23 10:37 newfile123
-rw-r--r--  1 user14 user14    48 Sep 23 10:33 errfile
-rw-r--r--  1 user14 user14   943 Sep 23 10:28 userlist
-rw-r--r--  1 user14 user14     0 Sep 23 10:25 filelist
-rw-rw-r--  2 user14 user14    20 Sep 23 10:07 hardlink2
-rw-rw-r--  2 user14 user14    20 Sep 23 10:07 hardlink3
-rw-r--r--  1 user14 user14     8 Sep 23 09:56 newfile1
-rw-r--r--  1 user14 user14     0 Sep 23 09:55 concatenatedfile
-rw-r--r--  1 user14 user14    15 Sep 23 09:48 newfile
-rw-rw-r--  1 user14 user14     0 Sep 23 09:44 f2
-rw-rw-r--  1 user14 user14     0 Sep 23 09:44 f3
drwxrwxr-x  4 user14 user14  4096 Sep 23 09:07 sush@1
drwx------  2 user14 user14  4096 Sep 23 05:04 .cache
drwxr-xr-x 19 root   root    4096 Sep 23 04:54 ..
-rw-r--r--  1 user14 user14   220 Sep 23 04:53 .bash_logout
-rw-r--r--  1 user14 user14  3771 Sep 23 04:53 .bashrc
-rw-r--r--  1 user14 user14   655 Sep 23 04:53 .profile
user14@ETGTrainingLinux:~$ du .
4       ./sush@1/unix/system1
8       ./sush@1/unix
4       ./sush@1/sush
16      ./sush@1
4       ./dir2
4       ./.cache
4       ./sushu@1
4       ./dir123/dir2/dir2
8       ./dir123/dir2
28      ./dir123
4       ./Test2
4       ./Test/Test2
8       ./Test
4       ./linux/TEST2
4       ./linux/TEST
12      ./linux
204     .
user14@ETGTrainingLinux:~$ df
Filesystem     1K-blocks    Used Available Use% Mounted on
udev             4074304       0   4074304   0% /dev
tmpfs             816904   66652    750252   9% /run
/dev/sda1       30309352 1238080  29054888   5% /
tmpfs            4084508       0   4084508   0% /dev/shm
tmpfs               5120       0      5120   0% /run/lock
tmpfs            4084508       0   4084508   0% /sys/fs/cgroup
/dev/sda15        106858    3984    102875   4% /boot/efi
/dev/sdb1       16380840   45040  15480660   1% /mnt
tmpfs             816904       0    816904   0% /run/user/1014
tmpfs             816904       0    816904   0% /run/user/1013
tmpfs             816904       0    816904   0% /run/user/1001
tmpfs             816904       0    816904   0% /run/user/1008
tmpfs             816904       0    816904   0% /run/user/1012
tmpfs             816904       0    816904   0% /run/user/1004
user14@ETGTrainingLinux:~$ mkdir tarfile
user14@ETGTrainingLinux:~$ cd tarfile
user14@ETGTrainingLinux:~/tarfile$ cd /home/user14
user14@ETGTrainingLinux:~$ touch tarfile.tar
user14@ETGTrainingLinux:~$ ls
concatenatedfile  errfile    f2     File1    File3  File6      hardlink3  myfilelist  newfile1     nohup.out  symlink      Test   testile
dir123            errorlist  f3     file123  File4  filelist   headfile   new         newfile123   sush@1     tarfile      test2  userlist
dir2              f1         file1  File2    File5  hardlink2  linux      newfile     newfile.tar  sushu@1    tarfile.tar  Test2
user14@ETGTrainingLinux:~$ cp tarfile.tar /home/user14/tarfile
user14@ETGTrainingLinux:~$ cd tarfile
user14@ETGTrainingLinux:~/tarfile$ ls
tarfile.tar
user14@ETGTrainingLinux:~/tarfile$ cd /home/user14
user14@ETGTrainingLinux:~$ gzip tarfile.tar
user14@ETGTrainingLinux:~$ ls
concatenatedfile  errfile    f2     File1    File3  File6      hardlink3  myfilelist  newfile1     nohup.out  symlink         Test   testile
dir123            errorlist  f3     file123  File4  filelist   headfile   new         newfile123   sush@1     tarfile         test2  userlist
dir2              f1         file1  File2    File5  hardlink2  linux      newfile     newfile.tar  sushu@1    tarfile.tar.gz  Test2
user14@ETGTrainingLinux:~$ mkdir dir1
user14@ETGTrainingLinux:~$ cp tarfile.tar.gz dir1
user14@ETGTrainingLinux:~$ cd dir1
user14@ETGTrainingLinux:~/dir1$ ls
tarfile.tar.gz
user14@ETGTrainingLinux:~/dir1$ gunzip tarfile.tar.gz
user14@ETGTrainingLinux:~/dir1$ ls
tarfile.tar
user14@ETGTrainingLinux:~/dir1$ ls -l
total 0
-rw-rw-r-- 1 user14 user14 0 Sep 25 16:54 tarfile.tar
user14@ETGTrainingLinux:~/dir1$ ps -l
F S   UID   PID  PPID  C PRI  NI ADDR SZ WCHAN  TTY          TIME CMD
0 R  1014 10962 32751  0  80   0 -  6902 -      pts/1    00:00:00 ps
0 S  1014 32751 32712  0  80   0 -  3232 wait   pts/1    00:00:00 bash
user14@ETGTrainingLinux:~/dir1$ ps -el
F S   UID   PID  PPID  C PRI  NI ADDR SZ WCHAN  TTY          TIME CMD
4 S     0     1     0  0  80   0 -  9398 -      ?        00:00:05 systemd
1 S     0     2     0  0  80   0 -     0 -      ?        00:00:00 kthreadd
1 I     0     4     2  0  60 -20 -     0 -      ?        00:00:00 kworker/0:0H
1 I     0     6     2  0  60 -20 -     0 -      ?        00:00:00 mm_percpu_wq
1 S     0     7     2  0  80   0 -     0 -      ?        00:00:08 ksoftirqd/0
1 I     0     8     2  0  80   0 -     0 -      ?        00:00:07 rcu_sched
1 I     0     9     2  0  80   0 -     0 -      ?        00:00:00 rcu_bh
1 S     0    10     2  0 -40   - -     0 -      ?        00:00:00 migration/0
5 S     0    11     2  0 -40   - -     0 -      ?        00:00:00 watchdog/0
1 S     0    12     2  0  80   0 -     0 -      ?        00:00:00 cpuhp/0
1 S     0    13     2  0  80   0 -     0 -      ?        00:00:00 cpuhp/1
5 S     0    14     2  0 -40   - -     0 -      ?        00:00:00 watchdog/1
1 S     0    15     2  0 -40   - -     0 -      ?        00:00:00 migration/1
1 S     0    16     2  0  80   0 -     0 -      ?        00:00:07 ksoftirqd/1
1 I     0    18     2  0  60 -20 -     0 -      ?        00:00:00 kworker/1:0H
5 S     0    19     2  0  80   0 -     0 -      ?        00:00:00 kdevtmpfs
1 I     0    20     2  0  60 -20 -     0 -      ?        00:00:00 netns
1 S     0    21     2  0  80   0 -     0 -      ?        00:00:00 rcu_tasks_kthre
1 S     0    22     2  0  80   0 -     0 -      ?        00:00:00 kauditd
1 S     0    25     2  0  80   0 -     0 -      ?        00:00:00 khungtaskd
1 S     0    26     2  0  80   0 -     0 -      ?        00:00:00 oom_reaper
1 I     0    27     2  0  60 -20 -     0 -      ?        00:00:00 writeback
1 S     0    28     2  0  80   0 -     0 -      ?        00:00:00 kcompactd0
1 S     0    29     2  0  85   5 -     0 -      ?        00:00:00 ksmd
1 S     0    30     2  0  99  19 -     0 -      ?        00:00:00 khugepaged
1 I     0    31     2  0  60 -20 -     0 -      ?        00:00:00 crypto
1 I     0    32     2  0  60 -20 -     0 -      ?        00:00:00 kintegrityd
1 I     0    33     2  0  60 -20 -     0 -      ?        00:00:00 kblockd
1 I     0    34     2  0  60 -20 -     0 -      ?        00:00:00 ata_sff
1 I     0    35     2  0  60 -20 -     0 -      ?        00:00:00 md
1 I     0    36     2  0  60 -20 -     0 -      ?        00:00:00 edac-poller
1 I     0    37     2  0  60 -20 -     0 -      ?        00:00:00 hv_vmbus_con
1 I     0    38     2  0  60 -20 -     0 -      ?        00:00:00 hv_pri_chan
1 I     0    39     2  0  60 -20 -     0 -      ?        00:00:00 hv_sub_chan
1 I     0    40     2  0  60 -20 -     0 -      ?        00:00:00 devfreq_wq
1 I     0    41     2  0  60 -20 -     0 -      ?        00:00:00 watchdogd
1 S     0    44     2  0  80   0 -     0 -      ?        00:00:00 kswapd0
1 I     0    45     2  0  60 -20 -     0 -      ?        00:00:00 kworker/u5:0
1 S     0    46     2  0  80   0 -     0 -      ?        00:00:00 ecryptfs-kthrea
1 I     0    88     2  0  60 -20 -     0 -      ?        00:00:00 kthrotld
1 I     0    89     2  0  60 -20 -     0 -      ?        00:00:00 nfit
1 S     0    90     2  0  80   0 -     0 -      ?        00:00:00 scsi_eh_0
1 I     0    91     2  0  60 -20 -     0 -      ?        00:00:00 scsi_tmf_0
1 I     0    92     2  0  60 -20 -     0 -      ?        00:00:00 storvsc_error_w
1 S     0    93     2  0  80   0 -     0 -      ?        00:00:00 scsi_eh_1
1 I     0    94     2  0  60 -20 -     0 -      ?        00:00:00 scsi_tmf_1
1 I     0    95     2  0  60 -20 -     0 -      ?        00:00:00 storvsc_error_w
1 S     0    96     2  0  80   0 -     0 -      ?        00:00:00 scsi_eh_2
1 I     0    97     2  0  60 -20 -     0 -      ?        00:00:00 scsi_tmf_2
1 I     0    98     2  0  60 -20 -     0 -      ?        00:00:00 storvsc_error_w
1 S     0    99     2  0  80   0 -     0 -      ?        00:00:00 scsi_eh_3
1 I     0   100     2  0  60 -20 -     0 -      ?        00:00:00 scsi_tmf_3
1 I     0   101     2  0  60 -20 -     0 -      ?        00:00:00 storvsc_error_w
1 I     0   105     2  0  60 -20 -     0 -      ?        00:00:00 nvme-wq
1 S     0   106     2  0  80   0 -     0 -      ?        00:00:00 scsi_eh_4
1 I     0   108     2  0  60 -20 -     0 -      ?        00:00:00 scsi_tmf_4
1 S     0   109     2  0  80   0 -     0 -      ?        00:00:00 scsi_eh_5
1 I     0   110     2  0  60 -20 -     0 -      ?        00:00:00 scsi_tmf_5
1 I     0   115     2  0  60 -20 -     0 -      ?        00:00:00 ipv6_addrconf
1 I     0   126     2  0  60 -20 -     0 -      ?        00:00:00 kstrp
1 I     0   308     2  0  60 -20 -     0 -      ?        00:00:00 raid5wq
1 I     0   365     2  0  60 -20 -     0 -      ?        00:00:00 kworker/0:1H
1 S     0   367     2  0  80   0 -     0 -      ?        00:00:00 jbd2/sda1-8
1 I     0   368     2  0  60 -20 -     0 -      ?        00:00:00 ext4-rsv-conver
1 I     0   427     2  0  60 -20 -     0 -      ?        00:00:00 kworker/1:1H
4 S     0   433     1  0  80   0 -  8842 -      ?        00:00:11 systemd-journal
1 I     0   460     2  0  60 -20 -     0 -      ?        00:00:00 iscsi_eh
4 S     0   461     1  0  80   0 - 23693 -      ?        00:00:00 lvmetad
1 I     0   472     2  0  60 -20 -     0 -      ?        00:00:00 ib-comp-wq
1 I     0   473     2  0  60 -20 -     0 -      ?        00:00:00 ib-comp-unb-wq
1 I     0   474     2  0  60 -20 -     0 -      ?        00:00:00 ib_mcast
1 I     0   475     2  0  60 -20 -     0 -      ?        00:00:00 ib_nl_sa_wq
1 I     0   479     2  0  60 -20 -     0 -      ?        00:00:00 rdma_cm
4 S     0   480     1  0  80   0 - 10735 -      ?        00:00:00 systemd-udevd
1 S     0   515     2  0  80   0 -     0 -      ?        00:00:03 hv_balloon
4 S     0   551     1  0  80   0 -  3060 -      ?        00:02:11 hv_kvp_daemon
4 S   100   757     1  0  80   0 - 25081 -      ?        00:00:00 systemd-timesyn
1 S     0  1159     1  0  80   0 -  4031 -      ?        00:00:00 dhclient
1 S     0  1370     2  0  80   0 -     0 -      ?        00:00:00 jbd2/sdb1-8
1 I     0  1371     2  0  60 -20 -     0 -      ?        00:00:00 ext4-rsv-conver
4 S   112  1411     1  0  80   0 -  3741 -      ?        00:00:05 nscd
4 S     1  1416     1  0  80   0 -  4399 -      ?        00:00:00 atd
4 S     0  1423     1  0  80   0 - 58972 -      ?        00:00:00 lxcfs
4 S     0  1424     1  0  80   0 - 68704 -      ?        00:00:06 accounts-daemon
4 S   107  1425     1  0  80   0 -  8613 -      ?        00:00:01 dbus-daemon
4 S   104  1466     1  0  80   0 - 61992 -      ?        00:00:03 rsyslogd
4 S     0  1474     1  0  80   0 -  4820 -      ?        00:00:01 cron
0 S     0  1485     1  0  80   0 -  1099 -      ?        00:00:00 acpid
4 S     0  1489     1  0  80   0 - 16596 -      ?        00:00:00 python3
4 S     0  1496     1  0  80   0 -  5041 -      ?        00:00:00 systemd-logind
4 S     0  1515     1  0  80   0 - 41827 -      ?        00:00:00 unattended-upgr
1 S     0  1524     1  0  80   0 -  1305 -      ?        00:00:02 iscsid
5 S     0  1526     1  0  70 -10 -  1430 -      ?        00:00:15 iscsid
4 S     0  1561     1  0  80   0 - 67158 -      ?        00:00:00 polkitd
4 S     0  1564     1  0  80   0 - 14803 -      ?        00:00:02 sshd
1 S     0  1585     1  0  80   0 -  1231 -      ?        00:00:00 mdadm
4 S     0  1652     1  0  80   0 -  1552 -      tty1     00:00:00 agetty
4 S     0  1659     1  0  80   0 -  1506 -      ttyS0    00:00:00 agetty
5 S     0  1700     1  0  80   0 -  4868 -      ?        00:00:03 irqbalance
0 S     0  1734  1489  0  80   0 - 93115 -      ?        00:02:29 python3
4 S  1001  7329     1  0  80   0 -  9174 -      ?        00:00:00 systemd
5 S  1001  7330  7329  0  80   0 - 15261 -      ?        00:00:00 (sd-pam)
1 S  1001  7437     1  0  80   0 -    61 -      ?        00:00:00 x-8.6-.SNOOPY
1 S  1001  7448     1  0  80   0 -    59 -      ?        00:00:00 x-3.2-.SNOOPY
4 S  1012  9100     1  0  80   0 -  9174 -      ?        00:00:00 systemd
5 S  1012  9101  9100  0  80   0 - 15261 -      ?        00:00:00 (sd-pam)
1 I     0  9367     2  0  80   0 -     0 -      ?        00:00:00 kworker/u4:2
4 S     0  9374  1564  0  80   0 - 23208 -      ?        00:00:00 sshd
4 S  1004  9379     1  0  80   0 -  9174 -      ?        00:00:00 systemd
5 S  1004  9380  9379  0  80   0 - 15261 -      ?        00:00:00 (sd-pam)
5 S  1004  9416  9374  0  80   0 - 23252 -      ?        00:00:00 sshd
4 S     0  9417  1564  0  80   0 - 23208 -      ?        00:00:00 sshd
5 S  1004  9452  9417  0  80   0 - 23208 -      ?        00:00:00 sshd
0 S  1004  9453  9452  0  80   0 -  1108 -      ?        00:00:00 sftp-server
0 S  1004  9454  9416  0  80   0 -  3232 -      pts/5    00:00:00 bash
4 S     0  9693  1564  0  80   0 - 23208 -      ?        00:00:00 sshd
4 S  1005  9711     1  0  80   0 -  9174 -      ?        00:00:00 systemd
5 S  1005  9712  9711  0  80   0 - 15261 -      ?        00:00:00 (sd-pam)
5 S  1005  9793  9693  0  80   0 - 23286 -      ?        00:00:00 sshd
4 S     0  9794  1564  0  80   0 - 23208 -      ?        00:00:00 sshd
5 S  1005  9833  9794  0  80   0 - 23208 -      ?        00:00:00 sshd
0 S  1005  9834  9833  0  80   0 -  1108 -      ?        00:00:00 sftp-server
0 S  1005  9835  9793  0  80   0 -  3234 -      pts/6    00:00:00 bash
1 I     0  9870     2  0  80   0 -     0 -      ?        00:00:00 kworker/u4:1
4 S     0  9986  1564  0  80   0 - 23208 -      ?        00:00:00 sshd
5 S  1012 10031  9986  0  80   0 - 23252 -      ?        00:00:00 sshd
4 S     0 10032  1564  0  80   0 - 23208 -      ?        00:00:00 sshd
5 S  1012 10067 10032  0  80   0 - 23208 -      ?        00:00:00 sshd
0 S  1012 10068 10067  0  80   0 -  1108 -      ?        00:00:00 sftp-server
0 S  1012 10069 10031  0  80   0 -  3232 -      pts/7    00:00:00 bash
1 I     0 10088     2  0  80   0 -     0 -      ?        00:00:00 kworker/1:0
1 I     0 10264     2  0  80   0 -     0 -      ?        00:00:00 kworker/u4:0
1 I     0 10503     2  0  80   0 -     0 -      ?        00:00:00 kworker/1:3
1 I     0 10832     2  0  80   0 -     0 -      ?        00:00:00 kworker/0:0
1 I     0 10834     2  0  80   0 -     0 -      ?        00:00:00 kworker/0:3
1 I     0 10839     2  0  80   0 -     0 -      ?        00:00:00 kworker/1:1
1 I     0 10907     2  0  80   0 -     0 -      ?        00:00:00 kworker/1:2
0 R  1014 10976 32751  0  80   0 -  6909 -      pts/1    00:00:00 ps
4 S     0 32625  1564  0  80   0 - 23208 -      ?        00:00:00 sshd
4 S  1014 32631     1  0  80   0 -  9174 ep_pol ?        00:00:00 systemd
5 S  1014 32632 32631  0  80   0 - 15261 -      ?        00:00:00 (sd-pam)
5 R  1014 32712 32625  0  80   0 - 23286 -      ?        00:00:00 sshd
4 S     0 32713  1564  0  80   0 - 23208 -      ?        00:00:00 sshd
5 S  1014 32748 32713  0  80   0 - 23208 -      ?        00:00:00 sshd
0 S  1014 32749 32748  0  80   0 -  1108 -      ?        00:00:00 sftp-server
0 S  1014 32751 32712  0  80   0 -  3232 wait   pts/1    00:00:00 bash



